0 verbose cli C:\Program Files\nodejs\node.exe C:\Users\HP\AppData\Roaming\npm\node_modules\npm\bin\npm-cli.js
1 info using npm@11.6.3
2 info using node@v24.11.0
3 silly config load:file:C:\Users\HP\AppData\Roaming\npm\node_modules\npm\npmrc
4 silly config load:file:C:\Users\HP\Videos\staff-tracker-main\.npmrc
5 silly config load:file:C:\Users\HP\.npmrc
6 silly config load:file:C:\Users\HP\AppData\Roaming\npm\etc\npmrc
7 verbose title npm install
8 verbose argv "install"
9 verbose logfile logs-max:10 dir:C:\Users\HP\Videos\staff-tracker-main\clean\_logs\2025-12-08T04_13_58_655Z-
10 verbose logfile C:\Users\HP\Videos\staff-tracker-main\clean\_logs\2025-12-08T04_13_58_655Z-debug-0.log
11 silly logfile start cleaning logs, removing 1 files
12 silly packumentCache heap:2348810240 maxSize:587202560 maxEntrySize:293601280
13 silly logfile done cleaning log files
14 silly Conflicting override sets <ref *1> OverrideSet {
14 silly Conflicting override sets   parent: OverrideSet {
14 silly Conflicting override sets     parent: undefined,
14 silly Conflicting override sets     children: Map(2) { 'react' => [Circular *1], 'react-dom' => [OverrideSet] }
14 silly Conflicting override sets   },
14 silly Conflicting override sets   children: Map(0) {},
14 silly Conflicting override sets   name: 'react',
14 silly Conflicting override sets   key: 'react',
14 silly Conflicting override sets   keySpec: '*',
14 silly Conflicting override sets   value: '$react'
14 silly Conflicting override sets } <ref *1> OverrideSet {
14 silly Conflicting override sets   parent: OverrideSet {
14 silly Conflicting override sets     parent: undefined,
14 silly Conflicting override sets     children: Map(2) { 'react' => [OverrideSet], 'react-dom' => [Circular *1] }
14 silly Conflicting override sets   },
14 silly Conflicting override sets   children: Map(0) {},
14 silly Conflicting override sets   name: 'react-dom',
14 silly Conflicting override sets   key: 'react-dom',
14 silly Conflicting override sets   keySpec: '*',
14 silly Conflicting override sets   value: '$react-dom'
14 silly Conflicting override sets }
15 silly Conflicting override sets loose-envify
16 silly Conflicting override sets <ref *1> OverrideSet {
16 silly Conflicting override sets   parent: OverrideSet {
16 silly Conflicting override sets     parent: undefined,
16 silly Conflicting override sets     children: Map(2) { 'react' => [Circular *1], 'react-dom' => [OverrideSet] }
16 silly Conflicting override sets   },
16 silly Conflicting override sets   children: Map(0) {},
16 silly Conflicting override sets   name: 'react',
16 silly Conflicting override sets   key: 'react',
16 silly Conflicting override sets   keySpec: '*',
16 silly Conflicting override sets   value: '$react'
16 silly Conflicting override sets } <ref *1> OverrideSet {
16 silly Conflicting override sets   parent: OverrideSet {
16 silly Conflicting override sets     parent: undefined,
16 silly Conflicting override sets     children: Map(2) { 'react' => [OverrideSet], 'react-dom' => [Circular *1] }
16 silly Conflicting override sets   },
16 silly Conflicting override sets   children: Map(0) {},
16 silly Conflicting override sets   name: 'react-dom',
16 silly Conflicting override sets   key: 'react-dom',
16 silly Conflicting override sets   keySpec: '*',
16 silly Conflicting override sets   value: '$react-dom'
16 silly Conflicting override sets }
17 silly Conflicting override sets loose-envify
18 silly Conflicting override sets <ref *1> OverrideSet {
18 silly Conflicting override sets   parent: OverrideSet {
18 silly Conflicting override sets     parent: undefined,
18 silly Conflicting override sets     children: Map(2) { 'react' => [OverrideSet], 'react-dom' => [Circular *1] }
18 silly Conflicting override sets   },
18 silly Conflicting override sets   children: Map(0) {},
18 silly Conflicting override sets   name: 'react-dom',
18 silly Conflicting override sets   key: 'react-dom',
18 silly Conflicting override sets   keySpec: '*',
18 silly Conflicting override sets   value: '$react-dom'
18 silly Conflicting override sets } <ref *1> OverrideSet {
18 silly Conflicting override sets   parent: OverrideSet {
18 silly Conflicting override sets     parent: undefined,
18 silly Conflicting override sets     children: Map(2) { 'react' => [Circular *1], 'react-dom' => [OverrideSet] }
18 silly Conflicting override sets   },
18 silly Conflicting override sets   children: Map(0) {},
18 silly Conflicting override sets   name: 'react',
18 silly Conflicting override sets   key: 'react',
18 silly Conflicting override sets   keySpec: '*',
18 silly Conflicting override sets   value: '$react'
18 silly Conflicting override sets }
19 silly Conflicting override sets <ref *1> OverrideSet {
19 silly Conflicting override sets   parent: OverrideSet {
19 silly Conflicting override sets     parent: undefined,
19 silly Conflicting override sets     children: Map(2) { 'react' => [OverrideSet], 'react-dom' => [Circular *1] }
19 silly Conflicting override sets   },
19 silly Conflicting override sets   children: Map(0) {},
19 silly Conflicting override sets   name: 'react-dom',
19 silly Conflicting override sets   key: 'react-dom',
19 silly Conflicting override sets   keySpec: '*',
19 silly Conflicting override sets   value: '$react-dom'
19 silly Conflicting override sets } <ref *1> OverrideSet {
19 silly Conflicting override sets   parent: OverrideSet {
19 silly Conflicting override sets     parent: undefined,
19 silly Conflicting override sets     children: Map(2) { 'react' => [Circular *1], 'react-dom' => [OverrideSet] }
19 silly Conflicting override sets   },
19 silly Conflicting override sets   children: Map(0) {},
19 silly Conflicting override sets   name: 'react',
19 silly Conflicting override sets   key: 'react',
19 silly Conflicting override sets   keySpec: '*',
19 silly Conflicting override sets   value: '$react'
19 silly Conflicting override sets }
20 silly idealTree buildDeps
21 silly Conflicting override sets <ref *1> OverrideSet {
21 silly Conflicting override sets   parent: OverrideSet {
21 silly Conflicting override sets     parent: undefined,
21 silly Conflicting override sets     children: Map(2) { 'react' => [Circular *1], 'react-dom' => [OverrideSet] }
21 silly Conflicting override sets   },
21 silly Conflicting override sets   children: Map(0) {},
21 silly Conflicting override sets   name: 'react',
21 silly Conflicting override sets   key: 'react',
21 silly Conflicting override sets   keySpec: '*',
21 silly Conflicting override sets   value: '$react'
21 silly Conflicting override sets } <ref *1> OverrideSet {
21 silly Conflicting override sets   parent: OverrideSet {
21 silly Conflicting override sets     parent: undefined,
21 silly Conflicting override sets     children: Map(2) { 'react' => [OverrideSet], 'react-dom' => [Circular *1] }
21 silly Conflicting override sets   },
21 silly Conflicting override sets   children: Map(0) {},
21 silly Conflicting override sets   name: 'react-dom',
21 silly Conflicting override sets   key: 'react-dom',
21 silly Conflicting override sets   keySpec: '*',
21 silly Conflicting override sets   value: '$react-dom'
21 silly Conflicting override sets }
22 silly Conflicting override sets loose-envify
23 silly Conflicting override sets <ref *1> OverrideSet {
23 silly Conflicting override sets   parent: OverrideSet {
23 silly Conflicting override sets     parent: undefined,
23 silly Conflicting override sets     children: Map(2) { 'react' => [Circular *1], 'react-dom' => [OverrideSet] }
23 silly Conflicting override sets   },
23 silly Conflicting override sets   children: Map(0) {},
23 silly Conflicting override sets   name: 'react',
23 silly Conflicting override sets   key: 'react',
23 silly Conflicting override sets   keySpec: '*',
23 silly Conflicting override sets   value: '$react'
23 silly Conflicting override sets } <ref *1> OverrideSet {
23 silly Conflicting override sets   parent: OverrideSet {
23 silly Conflicting override sets     parent: undefined,
23 silly Conflicting override sets     children: Map(2) { 'react' => [OverrideSet], 'react-dom' => [Circular *1] }
23 silly Conflicting override sets   },
23 silly Conflicting override sets   children: Map(0) {},
23 silly Conflicting override sets   name: 'react-dom',
23 silly Conflicting override sets   key: 'react-dom',
23 silly Conflicting override sets   keySpec: '*',
23 silly Conflicting override sets   value: '$react-dom'
23 silly Conflicting override sets }
24 silly Conflicting override sets loose-envify
25 silly reify moves {}
26 silly audit bulk request {
26 silly audit   '@alloc/quick-lru': [ '5.2.0' ],
26 silly audit   '@aws-crypto/sha256-browser': [ '5.2.0' ],
26 silly audit   '@smithy/is-array-buffer': [ '2.2.0', '4.2.0' ],
26 silly audit   '@smithy/util-buffer-from': [ '2.2.0', '4.2.0' ],
26 silly audit   '@smithy/util-utf8': [ '2.3.0', '4.2.0' ],
26 silly audit   '@aws-crypto/sha256-js': [ '5.2.0' ],
26 silly audit   '@aws-crypto/supports-web-crypto': [ '5.2.0' ],
26 silly audit   '@aws-crypto/util': [ '5.2.0' ],
26 silly audit   '@aws-sdk/client-sesv2': [ '3.946.0' ],
26 silly audit   '@aws-sdk/client-sso': [ '3.946.0' ],
26 silly audit   '@aws-sdk/core': [ '3.946.0' ],
26 silly audit   '@aws-sdk/credential-provider-env': [ '3.946.0' ],
26 silly audit   '@aws-sdk/credential-provider-http': [ '3.946.0' ],
26 silly audit   '@aws-sdk/credential-provider-ini': [ '3.946.0' ],
26 silly audit   '@aws-sdk/credential-provider-login': [ '3.946.0' ],
26 silly audit   '@aws-sdk/credential-provider-node': [ '3.946.0' ],
26 silly audit   '@aws-sdk/credential-provider-process': [ '3.946.0' ],
26 silly audit   '@aws-sdk/credential-provider-sso': [ '3.946.0' ],
26 silly audit   '@aws-sdk/credential-provider-web-identity': [ '3.946.0' ],
26 silly audit   '@aws-sdk/middleware-host-header': [ '3.936.0' ],
26 silly audit   '@aws-sdk/middleware-logger': [ '3.936.0' ],
26 silly audit   '@aws-sdk/middleware-recursion-detection': [ '3.936.0' ],
26 silly audit   '@aws-sdk/middleware-sdk-s3': [ '3.946.0' ],
26 silly audit   '@aws-sdk/middleware-user-agent': [ '3.946.0' ],
26 silly audit   '@aws-sdk/nested-clients': [ '3.946.0' ],
26 silly audit   '@aws-sdk/region-config-resolver': [ '3.936.0' ],
26 silly audit   '@aws-sdk/signature-v4-multi-region': [ '3.946.0' ],
26 silly audit   '@aws-sdk/token-providers': [ '3.946.0' ],
26 silly audit   '@aws-sdk/types': [ '3.936.0' ],
26 silly audit   '@aws-sdk/util-arn-parser': [ '3.893.0' ],
26 silly audit   '@aws-sdk/util-endpoints': [ '3.936.0' ],
26 silly audit   '@aws-sdk/util-locate-window': [ '3.893.0' ],
26 silly audit   '@aws-sdk/util-user-agent-browser': [ '3.936.0' ],
26 silly audit   '@aws-sdk/util-user-agent-node': [ '3.946.0' ],
26 silly audit   '@aws-sdk/xml-builder': [ '3.930.0' ],
26 silly audit   '@aws/lambda-invoke-store': [ '0.2.2' ],
26 silly audit   '@babel/code-frame': [ '7.27.1' ],
26 silly audit   '@babel/compat-data': [ '7.28.5' ],
26 silly audit   '@babel/core': [ '7.28.5' ],
26 silly audit   '@babel/generator': [ '7.28.5' ],
26 silly audit   '@babel/helper-compilation-targets': [ '7.27.2' ],
26 silly audit   '@babel/helper-globals': [ '7.28.0' ],
26 silly audit   '@babel/helper-module-imports': [ '7.27.1' ],
26 silly audit   '@babel/helper-module-transforms': [ '7.28.3' ],
26 silly audit   '@babel/helper-plugin-utils': [ '7.27.1' ],
26 silly audit   '@babel/helper-string-parser': [ '7.27.1' ],
26 silly audit   '@babel/helper-validator-identifier': [ '7.28.5' ],
26 silly audit   '@babel/helper-validator-option': [ '7.27.1' ],
26 silly audit   '@babel/helpers': [ '7.28.4' ],
26 silly audit   '@babel/parser': [ '7.28.5' ],
26 silly audit   '@babel/plugin-transform-react-jsx-self': [ '7.27.1' ],
26 silly audit   '@babel/plugin-transform-react-jsx-source': [ '7.27.1' ],
26 silly audit   '@babel/template': [ '7.27.2' ],
26 silly audit   '@babel/traverse': [ '7.28.5' ],
26 silly audit   '@babel/types': [ '7.28.5' ],
26 silly audit   '@esbuild/aix-ppc64': [ '0.25.12' ],
26 silly audit   '@esbuild/android-arm': [ '0.25.12' ],
26 silly audit   '@esbuild/android-arm64': [ '0.25.12' ],
26 silly audit   '@esbuild/android-x64': [ '0.25.12' ],
26 silly audit   '@esbuild/darwin-arm64': [ '0.25.12' ],
26 silly audit   '@esbuild/darwin-x64': [ '0.25.12' ],
26 silly audit   '@esbuild/freebsd-arm64': [ '0.25.12' ],
26 silly audit   '@esbuild/freebsd-x64': [ '0.25.12' ],
26 silly audit   '@esbuild/linux-arm': [ '0.25.12' ],
26 silly audit   '@esbuild/linux-arm64': [ '0.25.12' ],
26 silly audit   '@esbuild/linux-ia32': [ '0.25.12' ],
26 silly audit   '@esbuild/linux-loong64': [ '0.25.12' ],
26 silly audit   '@esbuild/linux-mips64el': [ '0.25.12' ],
26 silly audit   '@esbuild/linux-ppc64': [ '0.25.12' ],
26 silly audit   '@esbuild/linux-riscv64': [ '0.25.12' ],
26 silly audit   '@esbuild/linux-s390x': [ '0.25.12' ],
26 silly audit   '@esbuild/linux-x64': [ '0.25.12' ],
26 silly audit   '@esbuild/netbsd-arm64': [ '0.25.12' ],
26 silly audit   '@esbuild/netbsd-x64': [ '0.25.12' ],
26 silly audit   '@esbuild/openbsd-arm64': [ '0.25.12' ],
26 silly audit   '@esbuild/openbsd-x64': [ '0.25.12' ],
26 silly audit   '@esbuild/openharmony-arm64': [ '0.25.12' ],
26 silly audit   '@esbuild/sunos-x64': [ '0.25.12' ],
26 silly audit   '@esbuild/win32-arm64': [ '0.25.12' ],
26 silly audit   '@esbuild/win32-ia32': [ '0.25.12' ],
26 silly audit   '@esbuild/win32-x64': [ '0.25.12' ],
26 silly audit   '@eslint-community/eslint-utils': [ '4.9.0' ],
26 silly audit   'eslint-visitor-keys': [ '3.4.3', '4.2.1' ],
26 silly audit   '@eslint-community/regexpp': [ '4.12.2' ],
26 silly audit   '@eslint/config-array': [ '0.19.2' ],
26 silly audit   '@eslint/config-helpers': [ '0.1.0' ],
26 silly audit   '@eslint/core': [ '0.12.0', '0.13.0' ],
26 silly audit   '@eslint/eslintrc': [ '3.3.3' ],
26 silly audit   globals: [ '14.0.0', '16.0.0' ],
26 silly audit   '@eslint/js': [ '9.22.0' ],
26 silly audit   '@eslint/object-schema': [ '2.1.7' ],
26 silly audit   '@eslint/plugin-kit': [ '0.2.8' ],
26 silly audit   '@firebase/ai': [ '2.6.0' ],
26 silly audit   '@firebase/analytics': [ '0.10.19' ],
26 silly audit   '@firebase/analytics-compat': [ '0.2.25' ],
26 silly audit   '@firebase/analytics-types': [ '0.8.3' ],
26 silly audit   '@firebase/app': [ '0.14.6' ],
26 silly audit   '@firebase/app-check': [ '0.11.0' ],
26 silly audit   '@firebase/app-check-compat': [ '0.4.0' ],
26 silly audit   '@firebase/app-check-interop-types': [ '0.3.3' ],
26 silly audit   '@firebase/app-check-types': [ '0.5.3' ],
26 silly audit   '@firebase/app-compat': [ '0.5.6' ],
26 silly audit   '@firebase/app-types': [ '0.9.3' ],
26 silly audit   '@firebase/auth-compat': [ '0.6.1' ],
26 silly audit   '@firebase/auth': [ '1.11.1' ],
26 silly audit   '@firebase/auth-interop-types': [ '0.2.4' ],
26 silly audit   '@firebase/auth-types': [ '0.13.0' ],
26 silly audit   '@firebase/component': [ '0.7.0' ],
26 silly audit   '@firebase/data-connect': [ '0.3.12' ],
26 silly audit   '@firebase/database': [ '1.1.0' ],
26 silly audit   '@firebase/database-compat': [ '2.1.0' ],
26 silly audit   '@firebase/database-types': [ '1.0.16' ],
26 silly audit   '@firebase/firestore': [ '4.9.2' ],
26 silly audit   '@firebase/firestore-compat': [ '0.4.2' ],
26 silly audit   '@firebase/firestore-types': [ '3.0.3' ],
26 silly audit   '@firebase/functions': [ '0.13.1' ],
26 silly audit   '@firebase/functions-compat': [ '0.4.1' ],
26 silly audit   '@firebase/functions-types': [ '0.6.3' ],
26 silly audit   '@firebase/installations': [ '0.6.19' ],
26 silly audit   '@firebase/installations-compat': [ '0.2.19' ],
26 silly audit   '@firebase/installations-types': [ '0.5.3' ],
26 silly audit   '@firebase/logger': [ '0.5.0' ],
26 silly audit   '@firebase/messaging': [ '0.12.23' ],
26 silly audit   '@firebase/messaging-compat': [ '0.2.23' ],
26 silly audit   '@firebase/messaging-interop-types': [ '0.2.3' ],
26 silly audit   '@firebase/performance': [ '0.7.9' ],
26 silly audit   '@firebase/performance-compat': [ '0.2.22' ],
26 silly audit   '@firebase/performance-types': [ '0.2.3' ],
26 silly audit   '@firebase/remote-config': [ '0.7.0' ],
26 silly audit   '@firebase/remote-config-compat': [ '0.2.20' ],
26 silly audit   '@firebase/remote-config-types': [ '0.5.0' ],
26 silly audit   '@firebase/storage': [ '0.14.0' ],
26 silly audit   '@firebase/storage-compat': [ '0.4.0' ],
26 silly audit   '@firebase/storage-types': [ '0.8.3' ],
26 silly audit   '@firebase/util': [ '1.13.0' ],
26 silly audit   '@firebase/webchannel-wrapper': [ '1.0.5' ],
26 silly audit   '@floating-ui/core': [ '1.7.3' ],
26 silly audit   '@floating-ui/dom': [ '1.7.4' ],
26 silly audit   '@floating-ui/react-dom': [ '2.1.6' ],
26 silly audit   '@floating-ui/utils': [ '0.2.10' ],
26 silly audit   '@foliojs-fork/fontkit': [ '1.9.2' ],
26 silly audit   '@foliojs-fork/linebreak': [ '1.1.2' ],
26 silly audit   '@foliojs-fork/pdfkit': [ '0.15.3' ],
26 silly audit   '@foliojs-fork/restructure': [ '2.0.2' ],
26 silly audit   '@grpc/grpc-js': [ '1.9.15' ],
26 silly audit   '@grpc/proto-loader': [ '0.7.15' ],
26 silly audit   '@hookform/resolvers': [ '5.0.1' ],
26 silly audit   '@humanfs/core': [ '0.19.1' ],
26 silly audit   '@humanfs/node': [ '0.16.7' ],
26 silly audit   '@humanwhocodes/module-importer': [ '1.0.1' ],
26 silly audit   '@humanwhocodes/retry': [ '0.4.3' ],
26 silly audit   '@jridgewell/gen-mapping': [ '0.3.13' ],
26 silly audit   '@jridgewell/remapping': [ '2.3.5' ],
26 silly audit   '@jridgewell/resolve-uri': [ '3.1.2' ],
26 silly audit   '@jridgewell/sourcemap-codec': [ '1.5.5' ],
26 silly audit   '@jridgewell/trace-mapping': [ '0.3.31' ],
26 silly audit   '@nodelib/fs.scandir': [ '2.1.5' ],
26 silly audit   '@nodelib/fs.stat': [ '2.0.5' ],
26 silly audit   '@nodelib/fs.walk': [ '1.2.8' ],
26 silly audit   '@protobufjs/aspromise': [ '1.1.2' ],
26 silly audit   '@protobufjs/base64': [ '1.1.2' ],
26 silly audit   '@protobufjs/codegen': [ '2.0.4' ],
26 silly audit   '@protobufjs/eventemitter': [ '1.1.0' ],
26 silly audit   '@protobufjs/fetch': [ '1.1.0' ],
26 silly audit   '@protobufjs/float': [ '1.0.2' ],
26 silly audit   '@protobufjs/inquire': [ '1.1.0' ],
26 silly audit   '@protobufjs/path': [ '1.1.2' ],
26 silly audit   '@protobufjs/pool': [ '1.1.0' ],
26 silly audit   '@protobufjs/utf8': [ '1.1.0' ],
26 silly audit   '@radix-ui/number': [ '1.1.1' ],
26 silly audit   '@radix-ui/primitive': [ '1.1.2' ],
26 silly audit   '@radix-ui/react-arrow': [ '1.1.4' ],
26 silly audit   '@radix-ui/react-collection': [ '1.1.4', '1.1.7' ],
26 silly audit   '@radix-ui/react-compose-refs': [ '1.1.2' ],
26 silly audit   '@radix-ui/react-context': [ '1.1.2' ],
26 silly audit   '@radix-ui/react-dialog': [ '1.1.11' ],
26 silly audit   '@radix-ui/react-direction': [ '1.1.1' ],
26 silly audit   '@radix-ui/react-dismissable-layer': [ '1.1.7', '1.1.10' ],
26 silly audit   '@radix-ui/react-dropdown-menu': [ '2.1.12' ],
26 silly audit   '@radix-ui/react-focus-guards': [ '1.1.2' ],
26 silly audit   '@radix-ui/react-focus-scope': [ '1.1.4' ],
26 silly audit   '@radix-ui/react-id': [ '1.1.1' ],
26 silly audit   '@radix-ui/react-label': [ '2.1.4' ],
26 silly audit   '@radix-ui/react-menu': [ '2.1.12' ],
26 silly audit   '@radix-ui/react-navigation-menu': [ '1.2.13' ],
26 silly audit   '@radix-ui/react-primitive': [ '2.1.3', '2.1.0' ],
26 silly audit   '@radix-ui/react-slot': [ '1.2.3', '1.2.0' ],
26 silly audit   '@radix-ui/react-popper': [ '1.2.4' ],
26 silly audit   '@radix-ui/react-portal': [ '1.1.6' ],
26 silly audit   '@radix-ui/react-presence': [ '1.1.4' ],
26 silly audit   '@radix-ui/react-progress': [ '1.1.7' ],
26 silly audit   '@radix-ui/react-radio-group': [ '1.3.4' ],
26 silly audit   '@radix-ui/react-roving-focus': [ '1.1.7' ],
26 silly audit   '@radix-ui/react-select': [ '2.2.2' ],
26 silly audit   '@radix-ui/react-visually-hidden': [ '1.2.0', '1.2.3' ],
26 silly audit   '@radix-ui/react-separator': [ '1.1.4' ],
26 silly audit   '@radix-ui/react-tooltip': [ '1.2.4' ],
26 silly audit   '@radix-ui/react-use-callback-ref': [ '1.1.1' ],
26 silly audit   '@radix-ui/react-use-controllable-state': [ '1.2.2' ],
26 silly audit   '@radix-ui/react-use-effect-event': [ '0.0.2' ],
26 silly audit   '@radix-ui/react-use-escape-keydown': [ '1.1.1' ],
26 silly audit   '@radix-ui/react-use-layout-effect': [ '1.1.1' ],
26 silly audit   '@radix-ui/react-use-previous': [ '1.1.1' ],
26 silly audit   '@radix-ui/react-use-rect': [ '1.1.1' ],
26 silly audit   '@radix-ui/react-use-size': [ '1.1.1' ],
26 silly audit   '@radix-ui/rect': [ '1.1.1' ],
26 silly audit   '@reduxjs/toolkit': [ '2.11.0' ],
26 silly audit   '@rollup/rollup-android-arm-eabi': [ '4.53.3' ],
26 silly audit   '@rollup/rollup-android-arm64': [ '4.53.3' ],
26 silly audit   '@rollup/rollup-darwin-arm64': [ '4.53.3' ],
26 silly audit   '@rollup/rollup-darwin-x64': [ '4.53.3' ],
26 silly audit   '@rollup/rollup-freebsd-arm64': [ '4.53.3' ],
26 silly audit   '@rollup/rollup-freebsd-x64': [ '4.53.3' ],
26 silly audit   '@rollup/rollup-linux-arm-gnueabihf': [ '4.53.3' ],
26 silly audit   '@rollup/rollup-linux-arm-musleabihf': [ '4.53.3' ],
26 silly audit   '@rollup/rollup-linux-arm64-gnu': [ '4.53.3' ],
26 silly audit   '@rollup/rollup-linux-arm64-musl': [ '4.53.3' ],
26 silly audit   '@rollup/rollup-linux-loong64-gnu': [ '4.53.3' ],
26 silly audit   '@rollup/rollup-linux-ppc64-gnu': [ '4.53.3' ],
26 silly audit   '@rollup/rollup-linux-riscv64-gnu': [ '4.53.3' ],
26 silly audit   '@rollup/rollup-linux-riscv64-musl': [ '4.53.3' ],
26 silly audit   '@rollup/rollup-linux-s390x-gnu': [ '4.53.3' ],
26 silly audit   '@rollup/rollup-linux-x64-gnu': [ '4.53.3' ],
26 silly audit   '@rollup/rollup-linux-x64-musl': [ '4.53.3' ],
26 silly audit   '@rollup/rollup-openharmony-arm64': [ '4.53.3' ],
26 silly audit   '@rollup/rollup-win32-arm64-msvc': [ '4.53.3' ],
26 silly audit   '@rollup/rollup-win32-ia32-msvc': [ '4.53.3' ],
26 silly audit   '@rollup/rollup-win32-x64-gnu': [ '4.53.3' ],
26 silly audit   '@rollup/rollup-win32-x64-msvc': [ '4.53.3' ],
26 silly audit   '@smithy/abort-controller': [ '4.2.5' ],
26 silly audit   '@smithy/config-resolver': [ '4.4.3' ],
26 silly audit   '@smithy/core': [ '3.18.7' ],
26 silly audit   '@smithy/credential-provider-imds': [ '4.2.5' ],
26 silly audit   '@smithy/fetch-http-handler': [ '5.3.6' ],
26 silly audit   '@smithy/hash-node': [ '4.2.5' ],
26 silly audit   '@smithy/invalid-dependency': [ '4.2.5' ],
26 silly audit   '@smithy/middleware-content-length': [ '4.2.5' ],
26 silly audit   '@smithy/middleware-endpoint': [ '4.3.14' ],
26 silly audit   '@smithy/middleware-retry': [ '4.4.14' ],
26 silly audit   '@smithy/middleware-serde': [ '4.2.6' ],
26 silly audit   '@smithy/middleware-stack': [ '4.2.5' ],
26 silly audit   '@smithy/node-config-provider': [ '4.3.5' ],
26 silly audit   '@smithy/node-http-handler': [ '4.4.5' ],
26 silly audit   '@smithy/property-provider': [ '4.2.5' ],
26 silly audit   '@smithy/protocol-http': [ '5.3.5' ],
26 silly audit   '@smithy/querystring-builder': [ '4.2.5' ],
26 silly audit   '@smithy/querystring-parser': [ '4.2.5' ],
26 silly audit   '@smithy/service-error-classification': [ '4.2.5' ],
26 silly audit   '@smithy/shared-ini-file-loader': [ '4.4.0' ],
26 silly audit   '@smithy/signature-v4': [ '5.3.5' ],
26 silly audit   '@smithy/smithy-client': [ '4.9.10' ],
26 silly audit   '@smithy/types': [ '4.9.0' ],
26 silly audit   '@smithy/url-parser': [ '4.2.5' ],
26 silly audit   '@smithy/util-base64': [ '4.3.0' ],
26 silly audit   '@smithy/util-body-length-browser': [ '4.2.0' ],
26 silly audit   '@smithy/util-body-length-node': [ '4.2.1' ],
26 silly audit   '@smithy/util-config-provider': [ '4.2.0' ],
26 silly audit   '@smithy/util-defaults-mode-browser': [ '4.3.13' ],
26 silly audit   '@smithy/util-defaults-mode-node': [ '4.2.16' ],
26 silly audit   '@smithy/util-endpoints': [ '3.2.5' ],
26 silly audit   '@smithy/util-hex-encoding': [ '4.2.0' ],
26 silly audit   '@smithy/util-middleware': [ '4.2.5' ],
26 silly audit   '@smithy/util-retry': [ '4.2.5' ],
26 silly audit   '@smithy/util-stream': [ '4.5.6' ],
26 silly audit   '@smithy/util-uri-escape': [ '4.2.0' ],
26 silly audit   '@smithy/uuid': [ '1.1.0' ],
26 silly audit   '@standard-schema/spec': [ '1.0.0' ],
26 silly audit   '@standard-schema/utils': [ '0.3.0' ],
26 silly audit   '@supabase/auth-js': [ '2.86.0' ],
26 silly audit   '@supabase/functions-js': [ '2.86.0' ],
26 silly audit   '@supabase/postgrest-js': [ '2.86.0' ],
26 silly audit   '@supabase/realtime-js': [ '2.86.0' ],
26 silly audit   '@supabase/storage-js': [ '2.86.0' ],
26 silly audit   '@supabase/supabase-js': [ '2.86.0' ],
26 silly audit   '@tailwindcss/node': [ '4.1.17', '4.1.4' ],
26 silly audit   '@tailwindcss/oxide': [ '4.1.17', '4.1.4' ],
26 silly audit   '@tailwindcss/oxide-android-arm64': [ '4.1.17', '4.1.4' ],
26 silly audit   '@tailwindcss/oxide-darwin-arm64': [ '4.1.17', '4.1.4' ],
26 silly audit   '@tailwindcss/oxide-darwin-x64': [ '4.1.17', '4.1.4' ],
26 silly audit   '@tailwindcss/oxide-freebsd-x64': [ '4.1.17', '4.1.4' ],
26 silly audit   '@tailwindcss/oxide-linux-arm-gnueabihf': [ '4.1.17', '4.1.4' ],
26 silly audit   '@tailwindcss/oxide-linux-arm64-gnu': [ '4.1.17', '4.1.4' ],
26 silly audit   '@tailwindcss/oxide-linux-arm64-musl': [ '4.1.17', '4.1.4' ],
26 silly audit   '@tailwindcss/oxide-linux-x64-gnu': [ '4.1.17', '4.1.4' ],
26 silly audit   '@tailwindcss/oxide-linux-x64-musl': [ '4.1.17', '4.1.4' ],
26 silly audit   '@tailwindcss/oxide-wasm32-wasi': [ '4.1.17', '4.1.4' ],
26 silly audit   '@tailwindcss/oxide-win32-arm64-msvc': [ '4.1.17', '4.1.4' ],
26 silly audit   '@tailwindcss/oxide-win32-x64-msvc': [ '4.1.17', '4.1.4' ],
26 silly audit   '@tailwindcss/postcss': [ '4.1.17' ],
26 silly audit   '@tailwindcss/vite': [ '4.1.4' ],
26 silly audit   lightningcss: [ '1.29.2', '1.30.2' ],
26 silly audit   'lightningcss-darwin-arm64': [ '1.29.2', '1.30.2' ],
26 silly audit   'lightningcss-darwin-x64': [ '1.29.2', '1.30.2' ],
26 silly audit   'lightningcss-freebsd-x64': [ '1.29.2', '1.30.2' ],
26 silly audit   'lightningcss-linux-arm-gnueabihf': [ '1.29.2', '1.30.2' ],
26 silly audit   'lightningcss-linux-arm64-gnu': [ '1.29.2', '1.30.2' ],
26 silly audit   'lightningcss-linux-arm64-musl': [ '1.29.2', '1.30.2' ],
26 silly audit   'lightningcss-linux-x64-gnu': [ '1.29.2', '1.30.2' ],
26 silly audit   'lightningcss-linux-x64-musl': [ '1.29.2', '1.30.2' ],
26 silly audit   'lightningcss-win32-arm64-msvc': [ '1.29.2', '1.30.2' ],
26 silly audit   'lightningcss-win32-x64-msvc': [ '1.29.2', '1.30.2' ],
26 silly audit   tailwindcss: [ '4.1.4', '4.1.17' ],
26 silly audit   '@tanstack/query-core': [ '5.81.5' ],
26 silly audit   '@tanstack/react-query': [ '5.81.5' ],
26 silly audit   '@types/babel__core': [ '7.20.5' ],
26 silly audit   '@types/babel__generator': [ '7.27.0' ],
26 silly audit   '@types/babel__template': [ '7.4.4' ],
26 silly audit   '@types/babel__traverse': [ '7.28.0' ],
26 silly audit   '@types/d3-array': [ '3.2.2' ],
26 silly audit   '@types/d3-color': [ '3.1.3' ],
26 silly audit   '@types/d3-ease': [ '3.0.2' ],
26 silly audit   '@types/d3-interpolate': [ '3.0.4' ],
26 silly audit   '@types/d3-path': [ '3.1.1' ],
26 silly audit   '@types/d3-scale': [ '4.0.9' ],
26 silly audit   '@types/d3-shape': [ '3.1.7' ],
26 silly audit   '@types/d3-time': [ '3.0.4' ],
26 silly audit   '@types/d3-timer': [ '3.0.2' ],
26 silly audit   '@types/date-fns': [ '2.5.3' ],
26 silly audit   '@types/estree': [ '1.0.8' ],
26 silly audit   '@types/json-schema': [ '7.0.15' ],
26 silly audit   '@types/node': [ '22.19.1' ],
26 silly audit   '@types/nodemailer': [ '7.0.4' ],
26 silly audit   '@types/phoenix': [ '1.6.6' ],
26 silly audit   '@types/prop-types': [ '15.7.15' ],
26 silly audit   '@types/react': [ '18.3.12' ],
26 silly audit   '@types/react-dom': [ '18.3.1' ],
26 silly audit   '@types/use-sync-external-store': [ '0.0.6' ],
26 silly audit   '@types/ws': [ '8.18.1' ],
26 silly audit   '@typescript-eslint/eslint-plugin': [ '8.26.1' ],
26 silly audit   '@typescript-eslint/parser': [ '8.26.1' ],
26 silly audit   '@typescript-eslint/scope-manager': [ '8.26.1' ],
26 silly audit   '@typescript-eslint/type-utils': [ '8.26.1' ],
26 silly audit   '@typescript-eslint/types': [ '8.26.1' ],
26 silly audit   '@typescript-eslint/typescript-estree': [ '8.26.1' ],
26 silly audit   'brace-expansion': [ '2.0.2', '1.1.12' ],
26 silly audit   minimatch: [ '9.0.5', '3.1.2' ],
26 silly audit   semver: [ '7.7.3', '6.3.1' ],
26 silly audit   '@typescript-eslint/utils': [ '8.26.1' ],
26 silly audit   '@typescript-eslint/visitor-keys': [ '8.26.1' ],
26 silly audit   '@vitejs/plugin-react': [ '4.3.4' ],
26 silly audit   acorn: [ '8.15.0' ],
26 silly audit   'acorn-jsx': [ '5.3.2' ],
26 silly audit   ajv: [ '6.12.6' ],
26 silly audit   'ansi-regex': [ '5.0.1' ],
26 silly audit   'ansi-styles': [ '4.3.0' ],
26 silly audit   argparse: [ '2.0.1' ],
26 silly audit   'aria-hidden': [ '1.2.6' ],
26 silly audit   asynckit: [ '0.4.0' ],
26 silly audit   autoprefixer: [ '10.4.22' ],
26 silly audit   axios: [ '1.9.0' ],
26 silly audit   'balanced-match': [ '1.0.2' ],
26 silly audit   'base64-js': [ '1.3.1' ],
26 silly audit   'baseline-browser-mapping': [ '2.9.4' ],
26 silly audit   bowser: [ '2.13.1' ],
26 silly audit   braces: [ '3.0.3' ],
26 silly audit   brotli: [ '1.3.3' ],
26 silly audit   browserslist: [ '4.28.1' ],
26 silly audit   'call-bind': [ '1.0.8' ],
26 silly audit   'call-bind-apply-helpers': [ '1.0.2' ],
26 silly audit   'call-bound': [ '1.0.4' ],
26 silly audit   callsites: [ '3.1.0' ],
26 silly audit   'caniuse-lite': [ '1.0.30001759' ],
26 silly audit   chalk: [ '4.1.2' ],
26 silly audit   'class-variance-authority': [ '0.7.1' ],
26 silly audit   cliui: [ '8.0.1' ],
26 silly audit   clone: [ '1.0.4' ],
26 silly audit   clsx: [ '2.1.1' ],
26 silly audit   'color-convert': [ '2.0.1' ],
26 silly audit   'color-name': [ '1.1.4' ],
26 silly audit   'combined-stream': [ '1.0.8' ],
26 silly audit   'concat-map': [ '0.0.1' ],
26 silly audit   'convert-source-map': [ '2.0.0' ],
26 silly audit   cookie: [ '1.1.1' ],
26 silly audit   'cross-spawn': [ '7.0.6' ],
26 silly audit   'crypto-js': [ '4.2.0' ],
26 silly audit   csstype: [ '3.2.3' ],
26 silly audit   'd3-array': [ '3.2.4' ],
26 silly audit   'd3-color': [ '3.1.0' ],
26 silly audit   'd3-ease': [ '3.0.1' ],
26 silly audit   'd3-format': [ '3.1.0' ],
26 silly audit   'd3-interpolate': [ '3.0.1' ],
26 silly audit   'd3-path': [ '3.1.0' ],
26 silly audit   'd3-scale': [ '4.0.2' ],
26 silly audit   'd3-shape': [ '3.2.0' ],
26 silly audit   'd3-time': [ '3.1.0' ],
26 silly audit   'd3-time-format': [ '4.1.0' ],
26 silly audit   'd3-timer': [ '3.0.1' ],
26 silly audit   'date-fns': [ '4.1.0' ],
26 silly audit   debug: [ '4.4.3' ],
26 silly audit   'decimal.js-light': [ '2.5.1' ],
26 silly audit   'deep-equal': [ '1.1.2' ],
26 silly audit   'deep-is': [ '0.1.4' ],
26 silly audit   'define-data-property': [ '1.1.4' ],
26 silly audit   'define-properties': [ '1.2.1' ],
26 silly audit   'delayed-stream': [ '1.0.0' ],
26 silly audit   'detect-libc': [ '2.1.2' ],
26 silly audit   'detect-node-es': [ '1.1.0' ],
26 silly audit   dfa: [ '1.2.0' ],
26 silly audit   'dunder-proto': [ '1.0.1' ],
26 silly audit   'electron-to-chromium': [ '1.5.266' ],
26 silly audit   'embla-carousel': [ '8.6.0' ],
26 silly audit   'embla-carousel-react': [ '8.6.0' ],
26 silly audit   'embla-carousel-reactive-utils': [ '8.6.0' ],
26 silly audit   'emoji-regex': [ '8.0.0' ],
26 silly audit   'enhanced-resolve': [ '5.18.3' ],
26 silly audit   'es-define-property': [ '1.0.1' ],
26 silly audit   'es-errors': [ '1.3.0' ],
26 silly audit   'es-object-atoms': [ '1.1.1' ],
26 silly audit   'es-set-tostringtag': [ '2.1.0' ],
26 silly audit   'es-toolkit': [ '1.42.0' ],
26 silly audit   esbuild: [ '0.25.12' ],
26 silly audit   escalade: [ '3.2.0' ],
26 silly audit   'escape-string-regexp': [ '4.0.0' ],
26 silly audit   eslint: [ '9.22.0' ],
26 silly audit   'eslint-plugin-react-hooks': [ '5.2.0' ],
26 silly audit   'eslint-plugin-react-refresh': [ '0.4.19' ],
26 silly audit   'eslint-scope': [ '8.4.0' ],
26 silly audit   espree: [ '10.4.0' ],
26 silly audit   esquery: [ '1.6.0' ],
26 silly audit   esrecurse: [ '4.3.0' ],
26 silly audit   estraverse: [ '5.3.0' ],
26 silly audit   esutils: [ '2.0.3' ],
26 silly audit   eventemitter3: [ '5.0.1' ],
26 silly audit   'fast-deep-equal': [ '3.1.3' ],
26 silly audit   'fast-glob': [ '3.3.3' ],
26 silly audit   'glob-parent': [ '5.1.2', '6.0.2' ],
26 silly audit   'fast-json-stable-stringify': [ '2.1.0' ],
26 silly audit   'fast-levenshtein': [ '2.0.6' ],
26 silly audit   'fast-xml-parser': [ '5.2.5' ],
26 silly audit   fastq: [ '1.19.1' ],
26 silly audit   'faye-websocket': [ '0.11.4' ],
26 silly audit   'file-entry-cache': [ '8.0.0' ],
26 silly audit   'fill-range': [ '7.1.1' ],
26 silly audit   'find-up': [ '5.0.0' ],
26 silly audit   firebase: [ '12.6.0' ],
26 silly audit   'flat-cache': [ '4.0.1' ],
26 silly audit   flatted: [ '3.3.3' ],
26 silly audit   'follow-redirects': [ '1.15.11' ],
26 silly audit   'form-data': [ '4.0.5' ],
26 silly audit   'fraction.js': [ '5.3.4' ],
26 silly audit   'framer-motion': [ '12.9.2' ],
26 silly audit   fsevents: [ '2.3.3' ],
26 silly audit   'function-bind': [ '1.1.2' ],
26 silly audit   'functions-have-names': [ '1.2.3' ],
26 silly audit   gensync: [ '1.0.0-beta.2' ],
26 silly audit   'get-caller-file': [ '2.0.5' ],
26 silly audit   'get-intrinsic': [ '1.3.0' ],
26 silly audit   'get-nonce': [ '1.0.1' ],
26 silly audit   'get-proto': [ '1.0.1' ],
26 silly audit   gopd: [ '1.2.0' ],
26 silly audit   'graceful-fs': [ '4.2.11' ],
26 silly audit   graphemer: [ '1.4.0' ],
26 silly audit   'has-flag': [ '4.0.0' ],
26 silly audit   'has-property-descriptors': [ '1.0.2' ],
26 silly audit   'has-symbols': [ '1.1.0' ],
26 silly audit   'has-tostringtag': [ '1.0.2' ],
26 silly audit   hasown: [ '2.0.2' ],
26 silly audit   'http-parser-js': [ '0.5.10' ],
26 silly audit   'iceberg-js': [ '0.8.1' ],
26 silly audit   'iconv-lite': [ '0.6.3' ],
26 silly audit   idb: [ '7.1.1' ],
26 silly audit   ignore: [ '5.3.2' ],
26 silly audit   immer: [ '11.0.1', '10.2.0' ],
26 silly audit   'import-fresh': [ '3.3.1' ],
26 silly audit   imurmurhash: [ '0.1.4' ],
26 silly audit   internmap: [ '2.0.3' ],
26 silly audit   'is-arguments': [ '1.2.0' ],
26 silly audit   'is-date-object': [ '1.1.0' ],
26 silly audit   'is-extglob': [ '2.1.1' ],
26 silly audit   'is-fullwidth-code-point': [ '3.0.0' ],
26 silly audit   'is-glob': [ '4.0.3' ],
26 silly audit   'is-number': [ '7.0.0' ],
26 silly audit   'is-regex': [ '1.2.1' ],
26 silly audit   isexe: [ '2.0.0' ],
26 silly audit   jiti: [ '2.6.1' ],
26 silly audit   'jpeg-exif': [ '1.1.4' ],
26 silly audit   'js-tokens': [ '4.0.0' ],
26 silly audit   'js-yaml': [ '4.1.1' ],
26 silly audit   jsesc: [ '3.1.0' ],
26 silly audit   'json-buffer': [ '3.0.1' ],
26 silly audit   'json-schema-traverse': [ '0.4.1' ],
26 silly audit   'json-stable-stringify-without-jsonify': [ '1.0.1' ],
26 silly audit   json5: [ '2.2.3' ],
26 silly audit   keyv: [ '4.5.4' ],
26 silly audit   levn: [ '0.4.1' ],
26 silly audit   'lightningcss-android-arm64': [ '1.30.2' ],
26 silly audit   'locate-path': [ '6.0.0' ],
26 silly audit   'lodash.camelcase': [ '4.3.0' ],
26 silly audit   'lodash.merge': [ '4.6.2' ],
26 silly audit   long: [ '5.3.2' ],
26 silly audit   'loose-envify': [ '1.4.0' ],
26 silly audit   'lru-cache': [ '5.1.1' ],
26 silly audit   'lucide-react': [ '0.503.0' ],
26 silly audit   'magic-string': [ '0.30.21' ],
26 silly audit   'math-intrinsics': [ '1.1.0' ],
26 silly audit   merge2: [ '1.4.1' ],
26 silly audit   micromatch: [ '4.0.8' ],
26 silly audit   'mime-db': [ '1.52.0' ],
26 silly audit   'mime-types': [ '2.1.35' ],
26 silly audit   'motion-dom': [ '12.23.23' ],
26 silly audit   'motion-utils': [ '12.23.6' ],
26 silly audit   ms: [ '2.1.3' ],
26 silly audit   nanoid: [ '3.3.11' ],
26 silly audit   'natural-compare': [ '1.4.0' ],
26 silly audit   'node-releases': [ '2.0.27' ],
26 silly audit   nodemailer: [ '7.0.11' ],
26 silly audit   'normalize-range': [ '0.1.2' ],
26 silly audit   'object-is': [ '1.1.6' ],
26 silly audit   'object-keys': [ '1.1.1' ],
26 silly audit   optionator: [ '0.9.4' ],
26 silly audit   'p-limit': [ '3.1.0' ],
26 silly audit   'p-locate': [ '5.0.0' ],
26 silly audit   pako: [ '0.2.9' ],
26 silly audit   'parent-module': [ '1.0.1' ],
26 silly audit   'path-exists': [ '4.0.0' ],
26 silly audit   'path-key': [ '3.1.1' ],
26 silly audit   pdfmake: [ '0.2.20' ],
26 silly audit   picocolors: [ '1.1.1' ],
26 silly audit   picomatch: [ '2.3.1', '4.0.3' ],
26 silly audit   'png-js': [ '1.0.0' ],
26 silly audit   postcss: [ '8.5.6' ],
26 silly audit   'postcss-value-parser': [ '4.2.0' ],
26 silly audit   'prelude-ls': [ '1.2.1' ],
26 silly audit   protobufjs: [ '7.5.4' ],
26 silly audit   'proxy-from-env': [ '1.1.0' ],
26 silly audit   punycode: [ '2.3.1' ],
26 silly audit   'queue-microtask': [ '1.2.3' ],
26 silly audit   react: [ '18.2.0' ],
26 silly audit   'react-dom': [ '18.2.0' ],
26 silly audit   'react-hook-form': [ '7.56.1' ],
26 silly audit   'react-icons': [ '5.5.0' ],
26 silly audit   'react-is': [ '19.2.1' ],
26 silly audit   'react-redux': [ '9.2.0' ],
26 silly audit   'react-refresh': [ '0.14.2' ],
26 silly audit   'react-remove-scroll': [ '2.7.2' ],
26 silly audit   'react-remove-scroll-bar': [ '2.3.8' ],
26 silly audit   'react-router': [ '7.9.6' ],
26 silly audit   'react-router-dom': [ '7.9.6' ],
26 silly audit   'react-style-singleton': [ '2.2.3' ],
26 silly audit   'react-to-print': [ '3.2.0' ],
26 silly audit   recharts: [ '3.4.1' ],
26 silly audit   redux: [ '5.0.1' ],
26 silly audit   'redux-thunk': [ '3.1.0' ],
26 silly audit   'regexp.prototype.flags': [ '1.5.4' ],
26 silly audit   'require-directory': [ '2.1.1' ],
26 silly audit   reselect: [ '5.1.1' ],
26 silly audit   'resolve-from': [ '4.0.0' ],
26 silly audit   reusify: [ '1.1.0' ],
26 silly audit   rollup: [ '4.53.3' ],
26 silly audit   'run-parallel': [ '1.2.0' ],
26 silly audit   'safe-buffer': [ '5.2.1' ],
26 silly audit   'safer-buffer': [ '2.1.2' ],
26 silly audit   sax: [ '1.4.3' ],
26 silly audit   scheduler: [ '0.23.2' ],
26 silly audit   'set-cookie-parser': [ '2.7.2' ],
26 silly audit   'set-function-length': [ '1.2.2' ],
26 silly audit   'set-function-name': [ '2.0.2' ],
26 silly audit   'shebang-command': [ '2.0.0' ],
26 silly audit   'shebang-regex': [ '3.0.0' ],
26 silly audit   'source-map-js': [ '1.2.1' ],
26 silly audit   'string-width': [ '4.2.3' ],
26 silly audit   'strip-ansi': [ '6.0.1' ],
26 silly audit   'strip-json-comments': [ '3.1.1' ],
26 silly audit   strnum: [ '2.1.1' ],
26 silly audit   'supports-color': [ '7.2.0' ],
26 silly audit   'tailwind-merge': [ '3.2.0' ],
26 silly audit   tapable: [ '2.3.0' ],
26 silly audit   'tiny-inflate': [ '1.0.3' ],
26 silly audit   'tiny-invariant': [ '1.3.3' ],
26 silly audit   tinyglobby: [ '0.2.15' ],
26 silly audit   fdir: [ '6.5.0' ],
26 silly audit   'to-regex-range': [ '5.0.1' ],
26 silly audit   'ts-api-utils': [ '2.1.0' ],
26 silly audit   tslib: [ '2.8.1' ],
26 silly audit   'tw-animate-css': [ '1.2.8' ],
26 silly audit   'type-check': [ '0.4.0' ],
26 silly audit   typescript: [ '5.7.3' ],
26 silly audit   'typescript-eslint': [ '8.26.1' ],
26 silly audit   'undici-types': [ '6.21.0' ],
26 silly audit   'unicode-properties': [ '1.4.1' ],
26 silly audit   'unicode-trie': [ '2.0.0' ],
26 silly audit   'update-browserslist-db': [ '1.2.2' ],
26 silly audit   'uri-js': [ '4.4.1' ],
26 silly audit   'use-callback-ref': [ '1.3.3' ],
26 silly audit   'use-sidecar': [ '1.1.3' ],
26 silly audit   'use-sync-external-store': [ '1.6.0' ],
26 silly audit   'victory-vendor': [ '37.3.6' ],
26 silly audit   vite: [ '6.3.1' ],
26 silly audit   'web-vitals': [ '4.2.4' ],
26 silly audit   'websocket-driver': [ '0.7.4' ],
26 silly audit   'websocket-extensions': [ '0.1.4' ],
26 silly audit   which: [ '2.0.2' ],
26 silly audit   'word-wrap': [ '1.2.5' ],
26 silly audit   'wrap-ansi': [ '7.0.0' ],
26 silly audit   ws: [ '8.18.3' ],
26 silly audit   xmldoc: [ '2.0.2' ],
26 silly audit   y18n: [ '5.0.8' ],
26 silly audit   yallist: [ '3.1.1' ],
26 silly audit   yargs: [ '17.7.2' ],
26 silly audit   'yargs-parser': [ '21.1.1' ],
26 silly audit   'yocto-queue': [ '0.1.0' ],
26 silly audit   zod: [ '3.24.3' ],
26 silly audit   zustand: [ '5.0.3' ]
26 silly audit }
27 http fetch POST 200 https://registry.npmjs.org/-/npm/v1/security/advisories/bulk 5911ms
28 silly audit report {
28 silly audit report   '@eslint/plugin-kit': [
28 silly audit report     {
28 silly audit report       id: 1106734,
28 silly audit report       url: 'https://github.com/advisories/GHSA-xffm-g5w8-qvg7',
28 silly audit report       title: '@eslint/plugin-kit is vulnerable to Regular Expression Denial of Service attacks through ConfigCommentParser',
28 silly audit report       severity: 'low',
28 silly audit report       vulnerable_versions: '<0.3.4',
28 silly audit report       cwe: [Array],
28 silly audit report       cvss: [Object]
28 silly audit report     }
28 silly audit report   ],
28 silly audit report   axios: [
28 silly audit report     {
28 silly audit report       id: 1108263,
28 silly audit report       url: 'https://github.com/advisories/GHSA-4hjh-wcwx-xvwj',
28 silly audit report       title: 'Axios is vulnerable to DoS attack through lack of data size check',
28 silly audit report       severity: 'high',
28 silly audit report       vulnerable_versions: '>=1.0.0 <1.12.0',
28 silly audit report       cwe: [Array],
28 silly audit report       cvss: [Object]
28 silly audit report     }
28 silly audit report   ],
28 silly audit report   vite: [
28 silly audit report     {
28 silly audit report       id: 1104176,
28 silly audit report       url: 'https://github.com/advisories/GHSA-859w-5945-r5v3',
28 silly audit report       title: "Vite's server.fs.deny bypassed with /. for files under project root",
28 silly audit report       severity: 'moderate',
28 silly audit report       vulnerable_versions: '>=6.3.0 <=6.3.3',
28 silly audit report       cwe: [Array],
28 silly audit report       cvss: [Object]
28 silly audit report     },
28 silly audit report     {
28 silly audit report       id: 1107324,
28 silly audit report       url: 'https://github.com/advisories/GHSA-g4jq-h2w9-997c',
28 silly audit report       title: 'Vite middleware may serve files starting with the same name with the public directory',
28 silly audit report       severity: 'low',
28 silly audit report       vulnerable_versions: '>=6.0.0 <=6.3.5',
28 silly audit report       cwe: [Array],
28 silly audit report       cvss: [Object]
28 silly audit report     },
28 silly audit report     {
28 silly audit report       id: 1107328,
28 silly audit report       url: 'https://github.com/advisories/GHSA-jqfw-vq24-v9c3',
28 silly audit report       title: "Vite's `server.fs` settings were not applied to HTML files",
28 silly audit report       severity: 'low',
28 silly audit report       vulnerable_versions: '>=6.0.0 <=6.3.5',
28 silly audit report       cwe: [Array],
28 silly audit report       cvss: [Object]
28 silly audit report     },
28 silly audit report     {
28 silly audit report       id: 1109135,
28 silly audit report       url: 'https://github.com/advisories/GHSA-93m4-6634-74q7',
28 silly audit report       title: 'vite allows server.fs.deny bypass via backslash on Windows',
28 silly audit report       severity: 'moderate',
28 silly audit report       vulnerable_versions: '>=6.0.0 <=6.4.0',
28 silly audit report       cwe: [Array],
28 silly audit report       cvss: [Object]
28 silly audit report     }
28 silly audit report   ]
28 silly audit report }
29 silly packumentCache corgi:https://registry.npmjs.org/@eslint%2fplugin-kit cache-miss
30 silly packumentCache corgi:https://registry.npmjs.org/axios cache-miss
31 silly packumentCache corgi:https://registry.npmjs.org/vite cache-miss
32 http fetch GET 200 https://registry.npmjs.org/@eslint%2fplugin-kit 291ms (cache revalidated)
33 silly packumentCache corgi:https://registry.npmjs.org/@eslint%2fplugin-kit set size:16468 disposed:false
34 http fetch GET 200 https://registry.npmjs.org/axios 794ms (cache revalidated)
35 silly packumentCache corgi:https://registry.npmjs.org/axios set size:262593 disposed:false
36 http fetch GET 200 https://registry.npmjs.org/vite 1895ms (cache updated)
37 silly packumentCache corgi:https://registry.npmjs.org/vite set size:undefined disposed:false
38 silly packumentCache corgi:https://registry.npmjs.org/eslint cache-miss
39 http fetch GET 200 https://registry.npmjs.org/eslint 386ms (cache revalidated)
40 silly packumentCache corgi:https://registry.npmjs.org/eslint set size:1108196 disposed:false
41 silly packumentCache corgi:https://registry.npmjs.org/@tailwindcss%2fvite cache-miss
42 silly packumentCache corgi:https://registry.npmjs.org/@vitejs%2fplugin-react cache-miss
43 http fetch GET 200 https://registry.npmjs.org/@vitejs%2fplugin-react 2402ms (cache revalidated)
44 silly packumentCache corgi:https://registry.npmjs.org/@vitejs%2fplugin-react set size:103634 disposed:false
45 http fetch GET 200 https://registry.npmjs.org/@tailwindcss%2fvite 2611ms (cache revalidated)
46 silly packumentCache corgi:https://registry.npmjs.org/@tailwindcss%2fvite set size:671016 disposed:false
47 silly packumentCache corgi:https://registry.npmjs.org/@eslint-community%2feslint-utils cache-miss
48 silly packumentCache corgi:https://registry.npmjs.org/@typescript-eslint%2feslint-plugin cache-miss
49 silly packumentCache corgi:https://registry.npmjs.org/@typescript-eslint%2fparser cache-miss
50 silly packumentCache corgi:https://registry.npmjs.org/@typescript-eslint%2ftype-utils cache-miss
51 silly packumentCache corgi:https://registry.npmjs.org/@typescript-eslint%2futils cache-miss
52 silly packumentCache corgi:https://registry.npmjs.org/eslint-plugin-react-hooks cache-miss
53 silly packumentCache corgi:https://registry.npmjs.org/eslint-plugin-react-refresh cache-miss
54 silly packumentCache corgi:https://registry.npmjs.org/typescript-eslint cache-miss
55 http fetch GET 200 https://registry.npmjs.org/@eslint-community%2feslint-utils 271ms (cache revalidated)
56 silly packumentCache corgi:https://registry.npmjs.org/@eslint-community%2feslint-utils set size:39826 disposed:false
57 http fetch GET 200 https://registry.npmjs.org/eslint-plugin-react-hooks 332ms (cache revalidated)
58 silly packumentCache corgi:https://registry.npmjs.org/eslint-plugin-react-hooks set size:3901682 disposed:false
59 http fetch GET 200 https://registry.npmjs.org/@typescript-eslint%2feslint-plugin 609ms (cache revalidated)
60 silly packumentCache corgi:https://registry.npmjs.org/@typescript-eslint%2feslint-plugin set size:9165936 disposed:false
61 http fetch GET 200 https://registry.npmjs.org/@typescript-eslint%2ftype-utils 1180ms (cache revalidated)
62 silly packumentCache corgi:https://registry.npmjs.org/@typescript-eslint%2ftype-utils set size:4376534 disposed:false
63 http fetch GET 200 https://registry.npmjs.org/typescript-eslint 1333ms (cache revalidated)
64 silly packumentCache corgi:https://registry.npmjs.org/typescript-eslint set size:1411359 disposed:false
65 http fetch GET 200 https://registry.npmjs.org/@typescript-eslint%2fparser 1497ms (cache revalidated)
66 silly packumentCache corgi:https://registry.npmjs.org/@typescript-eslint%2fparser set size:7765885 disposed:false
67 http fetch GET 200 https://registry.npmjs.org/@typescript-eslint%2futils 1941ms (cache revalidated)
68 silly packumentCache corgi:https://registry.npmjs.org/@typescript-eslint%2futils set size:4394774 disposed:false
69 http fetch GET 200 https://registry.npmjs.org/eslint-plugin-react-refresh 2157ms (cache revalidated)
70 silly packumentCache corgi:https://registry.npmjs.org/eslint-plugin-react-refresh set size:32220 disposed:false
71 verbose cwd C:\Users\HP\Videos\staff-tracker-main
72 verbose os Windows_NT 10.0.22000
73 verbose node v24.11.0
74 verbose npm  v11.6.3
75 verbose exit 0
76 info ok
